// Jest Snapshot v1, https://goo.gl/fbAQLP

exports[`diffTable 1`] = `
"**Size Change:** +9 B (+0.06%) 

**Total Size:** 14.8 kB

| Filename | Size | Change |  |
| :--- | :---: | :---: | :---: |
| \`one.js\` | 5 kB | +2.5 kB (+100%) | üÜò |
| \`two.js\` | 5 kB | -2.5 kB (-33.33%) | üéâ |
| \`four.js\` | 4.5 kB | +9 B (+0.2%) |  |

<details><summary>‚ÑπÔ∏è <strong>View Unchanged</strong></summary>

| Filename | Size |
| :--- | :---: |
| \`three.js\` | 300 B |

</details>

"
`;

exports[`diffTable 2`] = `
"| Filename | Size | Change |  |
| :--- | :---: | :---: | :---: |
| \`one.js\` | 5 kB | +2.5 kB (+100%) | üÜò |
| \`two.js\` | 5 kB | -2.5 kB (-33.33%) | üéâ |
| \`four.js\` | 4.5 kB | +9 B (+0.2%) |  |

<details><summary>‚ÑπÔ∏è <strong>View Unchanged</strong></summary>

| Filename | Size |
| :--- | :---: |
| \`three.js\` | 300 B |

</details>

"
`;

exports[`diffTable 3`] = `
"**Size Change:** +9 B (+0.06%) 

**Total Size:** 14.8 kB

| Filename | Size | Change |  |
| :--- | :---: | :---: | :---: |
| \`one.js\` | 5 kB | +2.5 kB (+100%) | üÜò |
| \`two.js\` | 5 kB | -2.5 kB (-33.33%) | üéâ |
| \`three.js\` | 300 B | 0 B |  |
| \`four.js\` | 4.5 kB | +9 B (+0.2%) |  |"
`;

exports[`diffTable 4`] = `
"**Size Change:** +9 B (+0.06%) 

**Total Size:** 14.8 kB

| Filename | Size | Change |  |
| :--- | :---: | :---: | :---: |
| \`one.js\` | 5 kB | +2.5 kB (+100%) | üÜò |
| \`two.js\` | 5 kB | -2.5 kB (-33.33%) | üéâ |
| \`four.js\` | 4.5 kB | +9 B (+0.2%) |  |"
`;

exports[`diffTable 5`] = `
"**Size Change:** +9 B (+0.06%) 

**Total Size:** 14.8 kB

| Filename | Size | Change |  |
| :--- | :---: | :---: | :---: |
| \`one.js\` | 5 kB | +2.5 kB (+100%) | üÜò |
| \`two.js\` | 5 kB | -2.5 kB (-33.33%) | üéâ |

<details><summary>‚ÑπÔ∏è <strong>View Unchanged</strong></summary>

| Filename | Size | Change |
| :--- | :---: | :---: |
| \`three.js\` | 300 B | 0 B |
| \`four.js\` | 4.5 kB | +9 B (+0.2%) |

</details>

"
`;

exports[`diffTable 6`] = `
"**Size Change:** 0 B 

**Total Size:** 14.8 kB



<details><summary>‚ÑπÔ∏è <strong>View Unchanged</strong></summary>

| Filename | Size |
| :--- | :---: |
| \`one.js\` | 5 kB |
| \`two.js\` | 5 kB |
| \`three.js\` | 300 B |
| \`four.js\` | 4.5 kB |

</details>

"
`;

exports[`diffTable 7`] = `
"**Size Change:** 0 B 

**Total Size:** 300 B



<details><summary>‚ÑπÔ∏è <strong>View Unchanged</strong></summary>

| Filename | Size |
| :--- | :---: |
| \`three.js\` | 300 B |

</details>

"
`;
